// Jest Snapshot v1, https://goo.gl/fbAQLP

exports[`testing button component take snapshot 1`] = `
<DocumentFragment>
  <button
    class="css-8tgcgv-StyledButton e1vo3cka0"
  >
    Button
  </button>
</DocumentFragment>
`;
